2026/02/27 21:54:46 [notice] 9#9: using the "epoll" event method
2026/02/27 21:54:46 [notice] 9#9: nginx/1.29.5
2026/02/27 21:54:46 [notice] 9#9: built by gcc 14.2.0 (Debian 14.2.0-19) 
2026/02/27 21:54:46 [notice] 9#9: OS: Linux 6.12.54-linuxkit
2026/02/27 21:54:46 [notice] 9#9: getrlimit(RLIMIT_NOFILE): 1048576:1048576
2026/02/27 21:54:46 [notice] 9#9: start worker processes
2026/02/27 21:54:46 [notice] 9#9: start worker process 10
2026/02/27 21:54:46 [notice] 9#9: start worker process 11
2026/02/27 21:54:46 [notice] 9#9: start worker process 12
2026/02/27 21:54:46 [notice] 9#9: start worker process 13
2026/02/27 21:54:46 [notice] 9#9: start worker process 14
2026/02/27 21:54:46 [notice] 9#9: start worker process 15
2026/02/27 21:54:46 [notice] 9#9: start worker process 16
2026/02/27 21:54:46 [notice] 9#9: start worker process 17
2026/02/27 21:55:31 [notice] 8#8: using the "epoll" event method
2026/02/27 21:55:31 [notice] 8#8: nginx/1.29.5
2026/02/27 21:55:31 [notice] 8#8: built by gcc 14.2.0 (Debian 14.2.0-19) 
2026/02/27 21:55:31 [notice] 8#8: OS: Linux 6.12.54-linuxkit
2026/02/27 21:55:31 [notice] 8#8: getrlimit(RLIMIT_NOFILE): 1048576:1048576
2026/02/27 21:55:31 [notice] 8#8: start worker processes
2026/02/27 21:55:31 [notice] 8#8: start worker process 9
2026/02/27 21:55:31 [notice] 8#8: start worker process 10
2026/02/27 21:55:31 [notice] 8#8: start worker process 11
2026/02/27 21:55:31 [notice] 8#8: start worker process 12
2026/02/27 21:55:31 [notice] 8#8: start worker process 13
2026/02/27 21:55:31 [notice] 8#8: start worker process 14
2026/02/27 21:55:31 [notice] 8#8: start worker process 15
2026/02/27 21:55:31 [notice] 8#8: start worker process 16
2026/02/27 21:56:34 [notice] 9#9: using the "epoll" event method
2026/02/27 21:56:34 [notice] 9#9: nginx/1.29.5
2026/02/27 21:56:34 [notice] 9#9: built by gcc 14.2.0 (Debian 14.2.0-19) 
2026/02/27 21:56:34 [notice] 9#9: OS: Linux 6.12.54-linuxkit
2026/02/27 21:56:34 [notice] 9#9: getrlimit(RLIMIT_NOFILE): 1048576:1048576
2026/02/27 21:56:34 [notice] 9#9: start worker processes
2026/02/27 21:56:34 [notice] 9#9: start worker process 10
2026/02/27 21:56:34 [notice] 9#9: start worker process 11
2026/02/27 21:56:34 [notice] 9#9: start worker process 12
2026/02/27 21:56:34 [notice] 9#9: start worker process 13
2026/02/27 21:56:34 [notice] 9#9: start worker process 14
2026/02/27 21:56:34 [notice] 9#9: start worker process 15
2026/02/27 21:56:34 [notice] 9#9: start worker process 16
2026/02/27 21:56:34 [notice] 9#9: start worker process 17
2026/03/02 11:05:18 [notice] 9#9: using the "epoll" event method
2026/03/02 11:05:18 [notice] 9#9: nginx/1.29.5
2026/03/02 11:05:18 [notice] 9#9: built by gcc 14.2.0 (Debian 14.2.0-19) 
2026/03/02 11:05:18 [notice] 9#9: OS: Linux 6.12.54-linuxkit
2026/03/02 11:05:18 [notice] 9#9: getrlimit(RLIMIT_NOFILE): 1048576:1048576
2026/03/02 11:05:18 [notice] 9#9: start worker processes
2026/03/02 11:05:18 [notice] 9#9: start worker process 10
2026/03/02 11:05:18 [notice] 9#9: start worker process 11
2026/03/02 11:05:18 [notice] 9#9: start worker process 12
2026/03/02 11:05:18 [notice] 9#9: start worker process 13
2026/03/02 11:05:18 [notice] 9#9: start worker process 14
2026/03/02 11:05:18 [notice] 9#9: start worker process 15
2026/03/02 11:05:18 [notice] 9#9: start worker process 16
2026/03/02 11:05:18 [notice] 9#9: start worker process 17
